// Jest Snapshot v1, https://goo.gl/fbAQLP

exports[`testPackage2 works 1`] = `"<PROJECT_ROOT>/packages/test-package-2/lib"`;
